interactions:
- request:
    body: '{"parent":{"page_id":"95ba011667764c199e4554e77415f03b"},"properties":{"title":[{"text":{"content":"Test
      2024-12-30 18:23:38.665176"}}]},"children":[]}'
    headers:
      accept:
      - '*/*'
      accept-encoding:
      - gzip, deflate
      authorization:
      - ntn_...
      connection:
      - keep-alive
      content-length:
      - '151'
      content-type:
      - application/json
      host:
      - api.notion.com
      notion-version:
      - '2025-09-03'
    method: POST
    uri: https://api.notion.com/v1/pages
  response:
    content: '{"object":"page","id":"16cabc1e-edcd-8165-9f0b-ed678bda0d68","created_time":"2024-12-30T17:23:00.000Z","last_edited_time":"2024-12-30T17:23:00.000Z","created_by":{"object":"user","id":"7775f3a3-893f-43fa-b625-460c61094c78"},"last_edited_by":{"object":"user","id":"7775f3a3-893f-43fa-b625-460c61094c78"},"cover":null,"icon":null,"parent":{"type":"page_id","page_id":"95ba0116-6776-4c19-9e45-54e77415f03b"},"archived":false,"in_trash":false,"properties":{"title":{"id":"title","type":"title","title":[{"type":"text","text":{"content":"Test
      2024-12-30 18:23:38.665176","link":null},"annotations":{"bold":false,"italic":false,"strikethrough":false,"underline":false,"code":false,"color":"default"},"plain_text":"Test
      2024-12-30 18:23:38.665176","href":null}]}},"url":"https://www.notion.so/Test-2024-12-30-18-23-38-665176-16cabc1eedcd81659f0bed678bda0d68","public_url":null,"request_id":"ed76baad-a274-442d-93c7-ae86049c97d4"}'
    headers: {}
    http_version: HTTP/1.1
    status_code: 200
- request:
    body: '{"children":[{"paragraph":{"rich_text":[{"text":{"content":"I''m a paragraph."}}]}}]}'
    headers:
      accept:
      - '*/*'
      accept-encoding:
      - gzip, deflate
      authorization:
      - ntn_...
      connection:
      - keep-alive
      content-length:
      - '84'
      content-type:
      - application/json
      host:
      - api.notion.com
      notion-version:
      - '2025-09-03'
    method: PATCH
    uri: https://api.notion.com/v1/blocks/16cabc1e-edcd-8165-9f0b-ed678bda0d68/children
  response:
    content: '{"object":"list","results":[{"object":"block","id":"16cabc1e-edcd-81c8-8309-f5b7b460eed1","parent":{"type":"page_id","page_id":"16cabc1e-edcd-8165-9f0b-ed678bda0d68"},"created_time":"2024-12-30T17:23:00.000Z","last_edited_time":"2024-12-30T17:23:00.000Z","created_by":{"object":"user","id":"7775f3a3-893f-43fa-b625-460c61094c78"},"last_edited_by":{"object":"user","id":"7775f3a3-893f-43fa-b625-460c61094c78"},"has_children":false,"archived":false,"in_trash":false,"type":"paragraph","paragraph":{"rich_text":[{"type":"text","text":{"content":"I''m
      a paragraph.","link":null},"annotations":{"bold":false,"italic":false,"strikethrough":false,"underline":false,"code":false,"color":"default"},"plain_text":"I''m
      a paragraph.","href":null}],"color":"default"}}],"next_cursor":null,"has_more":false,"type":"block","block":{},"request_id":"81b462a0-ae3d-48d4-bc20-29587967cf4a"}'
    headers: {}
    http_version: HTTP/1.1
    status_code: 200
- request:
    body: ''
    headers:
      accept:
      - '*/*'
      accept-encoding:
      - gzip, deflate
      authorization:
      - ntn_...
      connection:
      - keep-alive
      host:
      - api.notion.com
      notion-version:
      - '2025-09-03'
    method: GET
    uri: https://api.notion.com/v1/blocks/16cabc1e-edcd-81c8-8309-f5b7b460eed1
  response:
    content: '{"object":"block","id":"16cabc1e-edcd-81c8-8309-f5b7b460eed1","parent":{"type":"page_id","page_id":"16cabc1e-edcd-8165-9f0b-ed678bda0d68"},"created_time":"2024-12-30T17:23:00.000Z","last_edited_time":"2024-12-30T17:23:00.000Z","created_by":{"object":"user","id":"7775f3a3-893f-43fa-b625-460c61094c78"},"last_edited_by":{"object":"user","id":"7775f3a3-893f-43fa-b625-460c61094c78"},"has_children":false,"archived":false,"in_trash":false,"type":"paragraph","paragraph":{"rich_text":[{"type":"text","text":{"content":"I''m
      a paragraph.","link":null},"annotations":{"bold":false,"italic":false,"strikethrough":false,"underline":false,"code":false,"color":"default"},"plain_text":"I''m
      a paragraph.","href":null}],"color":"default"},"request_id":"7f21ca93-a9dd-4978-a558-4a46dd4d118f"}'
    headers: {}
    http_version: HTTP/1.1
    status_code: 200
- request:
    body: ''
    headers:
      accept:
      - '*/*'
      accept-encoding:
      - gzip, deflate
      authorization:
      - ntn_...
      connection:
      - keep-alive
      host:
      - api.notion.com
      notion-version:
      - '2025-09-03'
    method: DELETE
    uri: https://api.notion.com/v1/blocks/16cabc1e-edcd-81c8-8309-f5b7b460eed1
  response:
    content: '{"object":"block","id":"16cabc1e-edcd-81c8-8309-f5b7b460eed1","parent":{"type":"page_id","page_id":"16cabc1e-edcd-8165-9f0b-ed678bda0d68"},"created_time":"2024-12-30T17:23:00.000Z","last_edited_time":"2024-12-30T17:23:00.000Z","created_by":{"object":"user","id":"7775f3a3-893f-43fa-b625-460c61094c78"},"last_edited_by":{"object":"user","id":"7775f3a3-893f-43fa-b625-460c61094c78"},"has_children":false,"archived":true,"in_trash":true,"type":"paragraph","paragraph":{"rich_text":[{"type":"text","text":{"content":"I''m
      a paragraph.","link":null},"annotations":{"bold":false,"italic":false,"strikethrough":false,"underline":false,"code":false,"color":"default"},"plain_text":"I''m
      a paragraph.","href":null}],"color":"default"},"request_id":"72c3e9a8-d231-418a-8b92-bde2335a3198"}'
    headers: {}
    http_version: HTTP/1.1
    status_code: 200
- request:
    body: ''
    headers:
      accept:
      - '*/*'
      accept-encoding:
      - gzip, deflate
      authorization:
      - ntn_...
      connection:
      - keep-alive
      host:
      - api.notion.com
      notion-version:
      - '2025-09-03'
    method: DELETE
    uri: https://api.notion.com/v1/blocks/16cabc1e-edcd-8165-9f0b-ed678bda0d68
  response:
    content: '{"object":"block","id":"16cabc1e-edcd-8165-9f0b-ed678bda0d68","parent":{"type":"page_id","page_id":"95ba0116-6776-4c19-9e45-54e77415f03b"},"created_time":"2024-12-30T17:23:00.000Z","last_edited_time":"2024-12-30T17:23:00.000Z","created_by":{"object":"user","id":"7775f3a3-893f-43fa-b625-460c61094c78"},"last_edited_by":{"object":"user","id":"7775f3a3-893f-43fa-b625-460c61094c78"},"has_children":false,"archived":true,"in_trash":true,"type":"child_page","child_page":{"title":"Test
      2024-12-30 18:23:38.665176"},"request_id":"5032be34-3e3e-43ff-8123-c88e9b14d9b0"}'
    headers: {}
    http_version: HTTP/1.1
    status_code: 200
version: 1
